{
    "Database ID resolver - sRNAanno": {
        "content": [
            null,
            null,
            null,
            null
        ],
        "meta": {
            "nf-test": "0.9.2",
            "nextflow": "24.10.4"
        },
        "timestamp": "2025-02-05T08:40:37.016484"
    },
    "Database ID resolver - all databases": {
        "content": [
            null,
            null,
            null,
            null
        ],
        "meta": {
            "nf-test": "0.9.2",
            "nextflow": "24.10.4"
        },
        "timestamp": "2025-02-05T08:29:46.569885"
    },
    "Database ID resolver - miRBase": {
        "content": [
            null,
            null,
            null,
            null
        ],
        "meta": {
            "nf-test": "0.9.2",
            "nextflow": "24.10.4"
        },
        "timestamp": "2025-02-05T08:40:22.204767"
    },
    "Database ID resolver - PmiREN": {
        "content": [
            null,
            null,
            null,
            null
        ],
        "meta": {
            "nf-test": "0.9.2",
            "nextflow": "24.10.4"
        },
        "timestamp": "2025-02-05T08:47:16.706433"
    },
    "Database ID resolver - miRBase - sRNAanno": {
        "content": [
            null,
            null,
            null,
            null
        ],
        "meta": {
            "nf-test": "0.9.2",
            "nextflow": "24.10.4"
        },
        "timestamp": "2025-02-05T08:35:19.979431"
    },
    "Database ID resolver - PmiREN - sRNAanno": {
        "content": [
            null,
            null,
            null,
            null
        ],
        "meta": {
            "nf-test": "0.9.2",
            "nextflow": "24.10.4"
        },
        "timestamp": "2025-02-05T08:40:13.871066"
    },
    "Database ID resolver - miRBase - PmiREN": {
        "content": [
            null,
            null,
            null,
            null
        ],
        "meta": {
            "nf-test": "0.9.2",
            "nextflow": "24.10.4"
        },
        "timestamp": "2025-02-05T08:35:00.899"
    }
}