{
    "Bowtie alignment": {
        "content": [
            [
                [
                    {
                        "id": "sample1_test",
                        "single_end": true,
                        "species": "Arabidopsis thaliana",
                        "project": "TEST_1"
                    },
                    "sample1_test.bam:md5,2edfce50789c54e47c815bf4fd49dbcc"
                ]
            ],
            [
                [
                    {
                        "id": "sample1_test",
                        "single_end": true,
                        "species": "Arabidopsis thaliana",
                        "project": "TEST_1"
                    },
                    "sample1_test.out:md5,2d01f098e575e9e3cf58326e5894a469"
                ]
            ],
            [
                [
                    {
                        "id": "sample1_test",
                        "single_end": true,
                        "species": "Arabidopsis thaliana",
                        "project": "TEST_1"
                    },
                    "sample1_test..aligned.fastq.gz:md5,4452ef89ba630624590770d0e4c41c3e"
                ]
            ],
            [
                [
                    {
                        "id": "sample1_test",
                        "single_end": true,
                        "species": "Arabidopsis thaliana",
                        "project": "TEST_1"
                    },
                    "sample1_test..unaligned.fastq.gz:md5,d3a06c0943152d792e2c3a7cb4d76388"
                ]
            ]
        ],
        "meta": {
            "nf-test": "0.9.2",
            "nextflow": "24.10.6"
        },
        "timestamp": "2025-05-29T10:36:11.956653"
    },
    "Bowtie alignment - Compressed input": {
        "content": [
            [
                [
                    {
                        "id": "sample1_test",
                        "single_end": true,
                        "species": "Arabidopsis thaliana",
                        "project": "TEST_1"
                    },
                    "sample1_test.bam:md5,2edfce50789c54e47c815bf4fd49dbcc"
                ]
            ],
            [
                [
                    {
                        "id": "sample1_test",
                        "single_end": true,
                        "species": "Arabidopsis thaliana",
                        "project": "TEST_1"
                    },
                    "sample1_test.out:md5,2d01f098e575e9e3cf58326e5894a469"
                ]
            ],
            [
                [
                    {
                        "id": "sample1_test",
                        "single_end": true,
                        "species": "Arabidopsis thaliana",
                        "project": "TEST_1"
                    },
                    "sample1_test..aligned.fastq.gz:md5,4452ef89ba630624590770d0e4c41c3e"
                ]
            ],
            [
                [
                    {
                        "id": "sample1_test",
                        "single_end": true,
                        "species": "Arabidopsis thaliana",
                        "project": "TEST_1"
                    },
                    "sample1_test..unaligned.fastq.gz:md5,d3a06c0943152d792e2c3a7cb4d76388"
                ]
            ]
        ],
        "meta": {
            "nf-test": "0.9.2",
            "nextflow": "24.10.6"
        },
        "timestamp": "2025-05-29T10:36:15.596936"
    }
}