{
    "Bowtie alignment": {
        "content": [
            [
                [
                    {
                        "id": "sample1_test",
                        "single_end": true
                    },
                    "sample1_test.bam:md5,dd1d4f2fe0b50da330ef07cf25f9f5b1"
                ]
            ],
            [
                [
                    {
                        "id": "sample1_test",
                        "single_end": true
                    },
                    "sample1_test.out:md5,2d01f098e575e9e3cf58326e5894a469"
                ]
            ],
            [
                [
                    {
                        "id": "sample1_test",
                        "single_end": true
                    },
                    "sample1_test.aligned.fasta.gz:md5,c8cd3dd0901fd1ea34b6b2011016e7ef"
                ]
            ],
            [
                [
                    {
                        "id": "sample1_test",
                        "single_end": true
                    },
                    "sample1_test.unaligned.fasta.gz:md5,94c12292cb6c94dd5367dcd19dfca0cf"
                ]
            ]
        ],
        "meta": {
            "nf-test": "0.9.2",
            "nextflow": "24.10.5"
        },
        "timestamp": "2025-04-26T23:46:21.95452425"
    },
    "Bowtie alignment - Compressed input": {
        "content": [
            [
                [
                    {
                        "id": "sample1_test",
                        "single_end": true
                    },
                    "sample1_test.bam:md5,dd1d4f2fe0b50da330ef07cf25f9f5b1"
                ]
            ],
            [
                [
                    {
                        "id": "sample1_test",
                        "single_end": true
                    },
                    "sample1_test.out:md5,2d01f098e575e9e3cf58326e5894a469"
                ]
            ],
            [
                [
                    {
                        "id": "sample1_test",
                        "single_end": true
                    },
                    "sample1_test.aligned.fasta.gz:md5,c8cd3dd0901fd1ea34b6b2011016e7ef"
                ]
            ],
            [
                [
                    {
                        "id": "sample1_test",
                        "single_end": true
                    },
                    "sample1_test.unaligned.fasta.gz:md5,94c12292cb6c94dd5367dcd19dfca0cf"
                ]
            ]
        ],
        "meta": {
            "nf-test": "0.9.2",
            "nextflow": "24.10.5"
        },
        "timestamp": "2025-04-26T23:46:25.672494014"
    }
}