{
    "Multiqc": {
        "content": [
            [
                "multiqc_report.html:md5,62409c5fd2db53e69e9c640c91b4959c"
            ],
            [
                "versions.yml:md5,92381009065e97a8a1af0dc482cf020a"
            ]
        ],
        "meta": {
            "nf-test": "0.9.2",
            "nextflow": "24.10.6"
        },
        "timestamp": "2025-05-27T16:59:42.899366"
    }
}