{
    "Multiqc": {
        "content": [
            [
                "multiqc_report.html:md5,c69a8b4d716c2a0efca2c1b665a61175"
            ],
            [
                "versions.yml:md5,4cab99fb04e679fd2d72e29eda1b9646"
            ]
        ],
        "meta": {
            "nf-test": "0.9.2",
            "nextflow": "24.10.4"
        },
        "timestamp": "2025-02-10T15:06:42.128996"
    }
}