{
    "test_dea": {
        "content": [
            [
                [
                    {
                        "id": "TEST_1",
                        "group_id": 1,
                        "metadata": "test_metadata.tsv:md5,6d170ca33413ff2ccc16a14e23ee25f9"
                    },
                    "TEST_1_0.dea_raw.tsv:md5,5fb8e1d4ac608818af3bdbc52cac9459"
                ]
            ],
            [
                [
                    {
                        "id": "TEST_1",
                        "group_id": 1,
                        "metadata": "test_metadata.tsv:md5,6d170ca33413ff2ccc16a14e23ee25f9"
                    },
                    "TEST_1_0.dea_sig.tsv:md5,ce48ecfa56eaacb98284b8f2f38d02f2"
                ]
            ],
            [
                "TEST_1.ea_summary.tsv:md5,3ff1fc68d81b5428217c5445c0d1aa18"
            ],
            [
                "TEST_1.dea_summary.tsv:md5,2036de8313b6c1c8b2d9af7b932094b1"
            ]
        ],
        "meta": {
            "nf-test": "0.9.2",
            "nextflow": "24.10.4"
        },
        "timestamp": "2025-01-29T09:38:26.843896"
    }
}