{
    "Annotation - all databases - min3": {
        "content": [
            [
                [
                    {
                        "id": "TEST_1_0",
                        "species": "Glycine max",
                        "species_id": "gma"
                    },
                    "TEST_1_0.annot_all.tsv:md5,e86e6da636ba6194c3ad6ba261c55010"
                ]
            ],
            [
                [
                    {
                        "id": "TEST_1_0",
                        "species": "Glycine max",
                        "species_id": "gma"
                    },
                    "TEST_1_0.annot_filt.tsv:md5,82fcea26af7c745492bbd7b67c317170"
                ]
            ],
            [
                "TEST_1_0.mature_summary.tsv:md5,a1a0b4181b08625d1157d4bb4cb7a498"
            ],
            [
                "TEST_1_0.mature_summary_len.tsv:md5,3ae7d012f28bb0465ae561d08f9e011e"
            ],
            [
                [
                    {
                        "id": "TEST_1_0",
                        "species": "Glycine max",
                        "species_id": "gma"
                    },
                    "TEST_1_0.fam_annot.tsv:md5,6b0e0805e2543a5ad2252b96bea1febb"
                ]
            ],
            [
                [
                    {
                        "id": "TEST_1_0",
                        "species": "Glycine max",
                        "species_id": "gma"
                    },
                    "TEST_1_0.fam_annot_boxplot.png:md5,79dafbb3e9ed4111dddf5c699e475abb"
                ]
            ],
            [
                "TEST_1_0.fam_annot_summary.tsv:md5,35921795ebdcc7c2b8cccd2f0385bdb2"
            ]
        ],
        "meta": {
            "nf-test": "0.9.2",
            "nextflow": "24.10.4"
        },
        "timestamp": "2025-02-10T18:06:37.512169"
    },
    "Annotation - all databases - min2": {
        "content": [
            [
                [
                    {
                        "id": "TEST_1_0",
                        "species": "Glycine max",
                        "species_id": "gma"
                    },
                    "TEST_1_0.annot_all.tsv:md5,e86e6da636ba6194c3ad6ba261c55010"
                ]
            ],
            [
                [
                    {
                        "id": "TEST_1_0",
                        "species": "Glycine max",
                        "species_id": "gma"
                    },
                    "TEST_1_0.annot_filt.tsv:md5,f9c3d893f59e4150f0dd9eb41abd3278"
                ]
            ],
            [
                "TEST_1_0.mature_summary.tsv:md5,7e17ef955414f98b0bc5ac10bbf55c22"
            ],
            [
                "TEST_1_0.mature_summary_len.tsv:md5,6d199de71651adac012e28e80c2a6099"
            ],
            [
                [
                    {
                        "id": "TEST_1_0",
                        "species": "Glycine max",
                        "species_id": "gma"
                    },
                    "TEST_1_0.fam_annot.tsv:md5,cff1ad000d734dd7b71bc5c2bd65eeab"
                ]
            ],
            [
                [
                    {
                        "id": "TEST_1_0",
                        "species": "Glycine max",
                        "species_id": "gma"
                    },
                    "TEST_1_0.fam_annot_boxplot.png:md5,0bf96a135f88c39e5fe3a7bfda9b4180"
                ]
            ],
            [
                "TEST_1_0.fam_annot_summary.tsv:md5,2993e0e58b37dd037b98e840e471278b"
            ]
        ],
        "meta": {
            "nf-test": "0.9.2",
            "nextflow": "24.10.4"
        },
        "timestamp": "2025-02-10T18:11:47.894741"
    },
    "Annotation - miRBase - PmiREN - min2": {
        "content": [
            [
                [
                    {
                        "id": "TEST_1_0",
                        "species": "Glycine max",
                        "species_id": "gma"
                    },
                    "TEST_1_0.annot_all.tsv:md5,a20bf83587acf5b5ac25b428290b92b7"
                ]
            ],
            [
                [
                    {
                        "id": "TEST_1_0",
                        "species": "Glycine max",
                        "species_id": "gma"
                    },
                    "TEST_1_0.annot_filt.tsv:md5,b901095fc1b5a4380fba29e5f281e636"
                ]
            ],
            [
                "TEST_1_0.mature_summary.tsv:md5,70cc991066f9e3957c40b8e550b8b38c"
            ],
            [
                "TEST_1_0.mature_summary_len.tsv:md5,e090e41ddb33dabdfb433e63804e5399"
            ],
            [
                [
                    {
                        "id": "TEST_1_0",
                        "species": "Glycine max",
                        "species_id": "gma"
                    },
                    "TEST_1_0.fam_annot.tsv:md5,7de72446205c344108cf88534aead4d9"
                ]
            ],
            [
                [
                    {
                        "id": "TEST_1_0",
                        "species": "Glycine max",
                        "species_id": "gma"
                    },
                    "TEST_1_0.fam_annot_boxplot.png:md5,bc9832e9cb3230cd1e7bffe83ace22f9"
                ]
            ],
            [
                "TEST_1_0.fam_annot_summary.tsv:md5,0c1413a3a645dc4294589b00bb0f8007"
            ]
        ],
        "meta": {
            "nf-test": "0.9.2",
            "nextflow": "24.10.4"
        },
        "timestamp": "2025-02-10T18:22:10.235317"
    },
    "Annotation - all databases - min1": {
        "content": [
            [
                [
                    {
                        "id": "TEST_1_0",
                        "species": "Glycine max",
                        "species_id": "gma"
                    },
                    "TEST_1_0.annot_all.tsv:md5,e86e6da636ba6194c3ad6ba261c55010"
                ]
            ],
            [
                [
                    {
                        "id": "TEST_1_0",
                        "species": "Glycine max",
                        "species_id": "gma"
                    },
                    "TEST_1_0.annot_filt.tsv:md5,e86e6da636ba6194c3ad6ba261c55010"
                ]
            ],
            [
                "TEST_1_0.mature_summary.tsv:md5,d79e046700e190126adb37d25396dcaf"
            ],
            [
                "TEST_1_0.mature_summary_len.tsv:md5,2e0d0e956fbe4e25083ce37b916de163"
            ],
            [
                [
                    {
                        "id": "TEST_1_0",
                        "species": "Glycine max",
                        "species_id": "gma"
                    },
                    "TEST_1_0.fam_annot.tsv:md5,cc19b84a4979250e92c5cb052f32cdad"
                ]
            ],
            [
                [
                    {
                        "id": "TEST_1_0",
                        "species": "Glycine max",
                        "species_id": "gma"
                    },
                    "TEST_1_0.fam_annot_boxplot.png:md5,423c2c2fd5859cf77aed2d81c4eed38d"
                ]
            ],
            [
                "TEST_1_0.fam_annot_summary.tsv:md5,1c28f2363e45f03ad679fc9046cebbde"
            ]
        ],
        "meta": {
            "nf-test": "0.9.2",
            "nextflow": "24.10.4"
        },
        "timestamp": "2025-02-10T18:17:03.436534"
    },
    "Annotation - miRBase - sRNAanno - min2": {
        "content": [
            [
                [
                    {
                        "id": "TEST_1_0",
                        "species": "Glycine max",
                        "species_id": "gma"
                    },
                    "TEST_1_0.annot_all.tsv:md5,6fbe9c41add794bd98188c86eccb9da3"
                ]
            ],
            [
                [
                    {
                        "id": "TEST_1_0",
                        "species": "Glycine max",
                        "species_id": "gma"
                    },
                    "TEST_1_0.annot_filt.tsv:md5,804e18551f1f6fd5b2d56156a48ceb0e"
                ]
            ],
            [
                "TEST_1_0.mature_summary.tsv:md5,dce6b3baf67661fadd4cabeb1b6a8ce9"
            ],
            [
                "TEST_1_0.mature_summary_len.tsv:md5,69c1b9139917216fb5329d1fbc831d9e"
            ],
            [
                [
                    {
                        "id": "TEST_1_0",
                        "species": "Glycine max",
                        "species_id": "gma"
                    },
                    "TEST_1_0.fam_annot.tsv:md5,e0f50361faa82e9216b239118a92e49d"
                ]
            ],
            [
                [
                    {
                        "id": "TEST_1_0",
                        "species": "Glycine max",
                        "species_id": "gma"
                    },
                    "TEST_1_0.fam_annot_boxplot.png:md5,06521210da3c364186c0d51fba7dcc5d"
                ]
            ],
            [
                "TEST_1_0.fam_annot_summary.tsv:md5,21a8c7acb43c27a8379dd9c93a8fd196"
            ]
        ],
        "meta": {
            "nf-test": "0.9.2",
            "nextflow": "24.10.4"
        },
        "timestamp": "2025-02-10T18:22:29.730497"
    },
    "Annotation - PmiREN - sRNAanno - min2": {
        "content": [
            [
                [
                    {
                        "id": "TEST_1_0",
                        "species": "Glycine max",
                        "species_id": "gma"
                    },
                    "TEST_1_0.annot_all.tsv:md5,fd19504e2a17106471f06daeebad3b7d"
                ]
            ],
            [
                [
                    {
                        "id": "TEST_1_0",
                        "species": "Glycine max",
                        "species_id": "gma"
                    },
                    "TEST_1_0.annot_filt.tsv:md5,200d273f249fa8a2b4c0749c950ef553"
                ]
            ],
            [
                "TEST_1_0._summary.tsv:md5,88893540224a8ee110e8119ae4f5e194"
            ],
            [
                "TEST_1_0._summary_len.tsv:md5,9e082b2ced9871626fdd5e28e3397db4"
            ],
            [
                [
                    {
                        "id": "TEST_1_0",
                        "species": "Glycine max",
                        "species_id": "gma"
                    },
                    "TEST_1_0.fam_annot.tsv:md5,768d8e3d71bdfcf25a2e31bc92cb21ec"
                ]
            ],
            [
                [
                    {
                        "id": "TEST_1_0",
                        "species": "Glycine max",
                        "species_id": "gma"
                    },
                    "TEST_1_0.fam_annot_boxplot.png:md5,5e3ebc3395761e5e5e99252dad032772"
                ]
            ],
            [
                "TEST_1_0.fam_annot_summary.tsv:md5,0c1413a3a645dc4294589b00bb0f8007"
            ]
        ],
        "meta": {
            "nf-test": "0.9.2",
            "nextflow": "24.10.4"
        },
        "timestamp": "2025-02-10T18:26:54.37891"
    },
    "Annotation - PmiREN - min1": {
        "content": [
            [
                [
                    {
                        "id": "TEST_1_0",
                        "species": "Glycine max",
                        "species_id": "Gma"
                    },
                    "TEST_1_0.annot_all.tsv:md5,95b6469e102b6c3ca92ddd3326994859"
                ]
            ],
            [
                [
                    {
                        "id": "TEST_1_0",
                        "species": "Glycine max",
                        "species_id": "Gma"
                    },
                    "TEST_1_0.annot_filt.tsv:md5,95b6469e102b6c3ca92ddd3326994859"
                ]
            ],
            [
                "TEST_1_0._summary.tsv:md5,fc4f50ddca9272201bbc5995237cc7b0"
            ],
            [
                "TEST_1_0._summary_len.tsv:md5,b4fb65e52fd6aafcefe99be4f8bd0cc0"
            ],
            [
                [
                    {
                        "id": "TEST_1_0",
                        "species": "Glycine max",
                        "species_id": "Gma"
                    },
                    "TEST_1_0.fam_annot.tsv:md5,de13194f7f1b22f14943a6c54eb0d8c5"
                ]
            ],
            [
                [
                    {
                        "id": "TEST_1_0",
                        "species": "Glycine max",
                        "species_id": "Gma"
                    },
                    "TEST_1_0.fam_annot_boxplot.png:md5,47b0b526a6255abfe37889315a61ac04"
                ]
            ],
            [
                "TEST_1_0.fam_annot_summary.tsv:md5,a0ee9b0557783d8fc756365315d1fb00"
            ]
        ],
        "meta": {
            "nf-test": "0.9.2",
            "nextflow": "24.10.4"
        },
        "timestamp": "2025-02-10T18:31:42.481547"
    },
    "Annotation - sRNAanno - min1": {
        "content": [
            [
                [
                    {
                        "id": "TEST_1_0",
                        "species": "Glycine max",
                        "species_id": "gma"
                    },
                    "TEST_1_0.annot_all.tsv:md5,0d8107d8c67990f9be4ee6f34ca1368a"
                ]
            ],
            [
                [
                    {
                        "id": "TEST_1_0",
                        "species": "Glycine max",
                        "species_id": "gma"
                    },
                    "TEST_1_0.annot_filt.tsv:md5,0d8107d8c67990f9be4ee6f34ca1368a"
                ]
            ],
            [
                "TEST_1_0._summary.tsv:md5,c6aefe4317cb5b532fcbe9c784631fdd"
            ],
            [
                "TEST_1_0._summary_len.tsv:md5,80ca6cdf98f95c8808ad2e5fffc8d612"
            ],
            [
                [
                    {
                        "id": "TEST_1_0",
                        "species": "Glycine max",
                        "species_id": "gma"
                    },
                    "TEST_1_0.fam_annot.tsv:md5,b45431d48e3003820f6064855f05a525"
                ]
            ],
            [
                [
                    {
                        "id": "TEST_1_0",
                        "species": "Glycine max",
                        "species_id": "gma"
                    },
                    "TEST_1_0.fam_annot_boxplot.png:md5,1a13ef9385e855955fd9d4fbe86df290"
                ]
            ],
            [
                "TEST_1_0.fam_annot_summary.tsv:md5,c0d8495bd78c34d6066f940a8d8ddb9c"
            ]
        ],
        "meta": {
            "nf-test": "0.9.2",
            "nextflow": "24.10.4"
        },
        "timestamp": "2025-02-10T18:27:24.544669"
    },
    "Annotation - miRBase - min1": {
        "content": [
            [
                [
                    {
                        "id": "TEST_1_0",
                        "species": "Glycine max",
                        "species_id": "gma"
                    },
                    "TEST_1_0.annot_all.tsv:md5,7252448fdcbc6c4ebc5564f83df51c3b"
                ]
            ],
            [
                [
                    {
                        "id": "TEST_1_0",
                        "species": "Glycine max",
                        "species_id": "gma"
                    },
                    "TEST_1_0.annot_filt.tsv:md5,7252448fdcbc6c4ebc5564f83df51c3b"
                ]
            ],
            [
                "TEST_1_0.mature_summary.tsv:md5,9451a7b885429fef69688aa71bfa03c3"
            ],
            [
                "TEST_1_0.mature_summary_len.tsv:md5,89a9643e074fe97691ad88d611330fbd"
            ],
            [
                [
                    {
                        "id": "TEST_1_0",
                        "species": "Glycine max",
                        "species_id": "gma"
                    },
                    "TEST_1_0.fam_annot.tsv:md5,ddd1e41f107155a783c1349400248a58"
                ]
            ],
            [
                [
                    {
                        "id": "TEST_1_0",
                        "species": "Glycine max",
                        "species_id": "gma"
                    },
                    "TEST_1_0.fam_annot_boxplot.png:md5,344fa695cb1fe7b4173729a13692d6d0"
                ]
            ],
            [
                "TEST_1_0.fam_annot_summary.tsv:md5,355f9a5a4293bc1e7ae1baab7101a946"
            ]
        ],
        "meta": {
            "nf-test": "0.9.2",
            "nextflow": "24.10.4"
        },
        "timestamp": "2025-02-10T18:27:07.356805"
    }
}