{
    "Quality control - Trimmed": {
        "content": [
            [
                [
                    {
                        "id": "SAMPLE1_Trimmed",
                        "species": "Glycine max",
                        "project": "TEST",
                        "type": "Trimmed"
                    },
                    "SAMPLE1_Trimmed_fastqc.zip:md5,cf58589f636472dd2444e5bb4eaba7fb"
                ],
                [
                    {
                        "id": "SAMPLE2_Trimmed",
                        "species": "Glycine max",
                        "project": "TEST",
                        "type": "Trimmed"
                    },
                    "SAMPLE2_Trimmed_fastqc.zip:md5,7b5a16ac0d639cfe819949c341dba3bb"
                ]
            ],
            [
                [
                    {
                        "id": "SAMPLE1_Trimmed",
                        "species": "Glycine max",
                        "project": "TEST",
                        "type": "Trimmed"
                    },
                    "SAMPLE1_Trimmed_fastqc.html:md5,2e6710d21821f9a231ced331f22f34e8"
                ],
                [
                    {
                        "id": "SAMPLE2_Trimmed",
                        "species": "Glycine max",
                        "project": "TEST",
                        "type": "Trimmed"
                    },
                    "SAMPLE2_Trimmed_fastqc.html:md5,1cdfc4a7543b3ac6b60f82eb0853cda9"
                ]
            ],
            [
                "multiqc_report.html:md5,b9873c11f129bbae56c81837a3f2d737"
            ],
            [
                "versions.yml:md5,908b943b942f4e1f0e80463a3a4a84be",
                "versions.yml:md5,df29ddce0d6768460316bb277962c860"
            ]
        ],
        "meta": {
            "nf-test": "0.9.2",
            "nextflow": "24.10.6"
        },
        "timestamp": "2025-05-28T12:30:22.590522"
    },
    "Quality control - Raw": {
        "content": [
            [
                [
                    {
                        "id": "SAMPLE1_Raw",
                        "species": "Glycine max",
                        "project": "TEST",
                        "type": "Raw"
                    },
                    "SAMPLE1_Raw_fastqc.zip:md5,648bf3bc9a4e725e835db8e236082e39"
                ],
                [
                    {
                        "id": "SAMPLE2_Raw",
                        "species": "Glycine max",
                        "project": "TEST",
                        "type": "Raw"
                    },
                    "SAMPLE2_Raw_fastqc.zip:md5,cccce22b62977475d408c7bbf26fe62d"
                ]
            ],
            [
                [
                    {
                        "id": "SAMPLE1_Raw",
                        "species": "Glycine max",
                        "project": "TEST",
                        "type": "Raw"
                    },
                    "SAMPLE1_Raw_fastqc.html:md5,127b92de73b6ffde647f4133065f61a6"
                ],
                [
                    {
                        "id": "SAMPLE2_Raw",
                        "species": "Glycine max",
                        "project": "TEST",
                        "type": "Raw"
                    },
                    "SAMPLE2_Raw_fastqc.html:md5,b07097315364487c1a80cc5d156dbbe4"
                ]
            ],
            [
                "multiqc_report.html:md5,594580829cc3e612f18924ee2c66a57b"
            ],
            [
                "versions.yml:md5,908b943b942f4e1f0e80463a3a4a84be",
                "versions.yml:md5,df29ddce0d6768460316bb277962c860"
            ]
        ],
        "meta": {
            "nf-test": "0.9.2",
            "nextflow": "24.10.6"
        },
        "timestamp": "2025-05-28T12:29:50.400174"
    }
}