{
    "Quality control - Trimmed": {
        "content": [
            [
                [
                    {
                        "id": "SAMPLE1_Trimmed",
                        "species": "Glycine max",
                        "project": "TEST",
                        "type": "Trimmed"
                    },
                    "SAMPLE1_Trimmed_fastqc.zip:md5,14c2aed703a6ae6b2758523d1e5cd0fc"
                ],
                [
                    {
                        "id": "SAMPLE2_Trimmed",
                        "species": "Glycine max",
                        "project": "TEST",
                        "type": "Trimmed"
                    },
                    "SAMPLE2_Trimmed_fastqc.zip:md5,2b2b37788639db60fbf886d2ff7b6634"
                ]
            ],
            [
                [
                    {
                        "id": "SAMPLE1_Trimmed",
                        "species": "Glycine max",
                        "project": "TEST",
                        "type": "Trimmed"
                    },
                    "SAMPLE1_Trimmed_fastqc.html:md5,49390ca9e98dd991e56a3385e60a3862"
                ],
                [
                    {
                        "id": "SAMPLE2_Trimmed",
                        "species": "Glycine max",
                        "project": "TEST",
                        "type": "Trimmed"
                    },
                    "SAMPLE2_Trimmed_fastqc.html:md5,a35ceec142fa49f6e6a82092b6ff5c26"
                ]
            ],
            [
                "multiqc_report.html:md5,6d6e07926fe8d04e20a9602f41542ff5"
            ],
            [
                "versions.yml:md5,7d88319dcef7bbf2cc0b64d04d42413c",
                "versions.yml:md5,908b943b942f4e1f0e80463a3a4a84be"
            ]
        ],
        "meta": {
            "nf-test": "0.9.2",
            "nextflow": "24.10.4"
        },
        "timestamp": "2025-02-10T18:00:33.397251"
    },
    "Quality control - Raw": {
        "content": [
            [
                [
                    {
                        "id": "SAMPLE1_Raw",
                        "species": "Glycine max",
                        "project": "TEST",
                        "type": "Raw"
                    },
                    "SAMPLE1_Raw_fastqc.zip:md5,d13051c6244a9edd8d0816c1e6170d21"
                ],
                [
                    {
                        "id": "SAMPLE2_Raw",
                        "species": "Glycine max",
                        "project": "TEST",
                        "type": "Raw"
                    },
                    "SAMPLE2_Raw_fastqc.zip:md5,65d6ddb620ecb7e370be2965d3c2ed83"
                ]
            ],
            [
                [
                    {
                        "id": "SAMPLE1_Raw",
                        "species": "Glycine max",
                        "project": "TEST",
                        "type": "Raw"
                    },
                    "SAMPLE1_Raw_fastqc.html:md5,6ff6d17a0f6dd5303f77e4a5dffc3a2b"
                ],
                [
                    {
                        "id": "SAMPLE2_Raw",
                        "species": "Glycine max",
                        "project": "TEST",
                        "type": "Raw"
                    },
                    "SAMPLE2_Raw_fastqc.html:md5,53737380472b10345157778e63d2d9b9"
                ]
            ],
            [
                "multiqc_report.html:md5,f500b488344400223b1fd6327b910523"
            ],
            [
                "versions.yml:md5,7d88319dcef7bbf2cc0b64d04d42413c",
                "versions.yml:md5,908b943b942f4e1f0e80463a3a4a84be"
            ]
        ],
        "meta": {
            "nf-test": "0.9.2",
            "nextflow": "24.10.4"
        },
        "timestamp": "2025-02-10T18:00:05.383723"
    }
}