{
    "Filter TSV by FASTA - FASTA file compressed - Keep matches": {
        "content": [
            [
                [
                    {
                        "id": "file"
                    },
                    "file.filtered.tsv:md5,36862200b6bf2d295aa5ac63ea8fa855"
                ]
            ]
        ],
        "meta": {
            "nf-test": "0.9.2",
            "nextflow": "24.10.6"
        },
        "timestamp": "2025-05-27T14:08:49.907632"
    },
    "Filter TSV by FASTA - FASTA file - Keep matches": {
        "content": [
            [
                [
                    {
                        "id": "file"
                    },
                    "file.filtered.tsv:md5,36862200b6bf2d295aa5ac63ea8fa855"
                ]
            ]
        ],
        "meta": {
            "nf-test": "0.9.2",
            "nextflow": "24.10.6"
        },
        "timestamp": "2025-05-27T14:08:56.712004"
    },
    "Filter TSV by FASTA - FASTA file - Discard matches": {
        "content": [
            [
                [
                    {
                        "id": "file"
                    },
                    "file.filtered.tsv:md5,5c044e174cf6232701c070f586c04fb8"
                ]
            ]
        ],
        "meta": {
            "nf-test": "0.9.2",
            "nextflow": "24.10.6"
        },
        "timestamp": "2025-05-27T14:09:00.031356"
    },
    "Filter TSV by FASTA - FASTA file compressed - Discard matches": {
        "content": [
            [
                [
                    {
                        "id": "file"
                    },
                    "file.filtered.tsv:md5,5c044e174cf6232701c070f586c04fb8"
                ]
            ]
        ],
        "meta": {
            "nf-test": "0.9.2",
            "nextflow": "24.10.6"
        },
        "timestamp": "2025-05-27T14:08:53.209415"
    }
}