{
    "Arabidopsis thaliana - PmiREN": {
        "content": [
            [
                [
                    {
                        "id": "pmiren_mature"
                    },
                    "pmiren_mature.ath.fa:md5,f866df050ed1e7b10b6bfd21e704a4fa"
                ]
            ]
        ],
        "meta": {
            "nf-test": "0.9.2",
            "nextflow": "24.10.6"
        },
        "timestamp": "2025-05-27T14:30:17.865844"
    },
    "Non-existing species - PmiREN": {
        "content": [
            [
                [
                    {
                        "id": "pmiren_mature"
                    },
                    "pmiren_mature.EMPTY.fa:md5,d41d8cd98f00b204e9800998ecf8427e"
                ]
            ]
        ],
        "meta": {
            "nf-test": "0.9.2",
            "nextflow": "24.10.6"
        },
        "timestamp": "2025-05-27T14:30:22.093388"
    },
    "Arabidopsis thaliana - miRBase": {
        "content": [
            [
                [
                    {
                        "id": "mirbase_mature"
                    },
                    "mirbase_mature.ath.fa:md5,e49a6edbfaecb7646669674ff910aa72"
                ]
            ]
        ],
        "meta": {
            "nf-test": "0.9.2",
            "nextflow": "24.10.6"
        },
        "timestamp": "2025-05-27T14:30:05.634135"
    },
    "Arabidopsis thaliana - sRNAanno": {
        "content": [
            [
                [
                    {
                        "id": "srnaanno_mature"
                    },
                    "srnaanno_mature.ath.fa:md5,a9b315b9bba642fae022ad6a6cf303d2"
                ]
            ]
        ],
        "meta": {
            "nf-test": "0.9.2",
            "nextflow": "24.10.6"
        },
        "timestamp": "2025-05-27T14:30:11.775658"
    },
    "Non-existing species - miRBase": {
        "content": [
            [
                [
                    {
                        "id": "mirbase_mature"
                    },
                    "mirbase_mature.EMPTY.fa:md5,d41d8cd98f00b204e9800998ecf8427e"
                ]
            ]
        ],
        "meta": {
            "nf-test": "0.9.2",
            "nextflow": "24.10.6"
        },
        "timestamp": "2025-05-27T14:30:08.772001"
    },
    "Non-existing species - sRNAanno": {
        "content": [
            [
                [
                    {
                        "id": "srnaanno_mature"
                    },
                    "srnaanno_mature.EMPTY.fa:md5,d41d8cd98f00b204e9800998ecf8427e"
                ]
            ]
        ],
        "meta": {
            "nf-test": "0.9.2",
            "nextflow": "24.10.6"
        },
        "timestamp": "2025-05-27T14:30:14.847215"
    }
}