{
    "Classify IsomiRs - Input file without counts": {
        "content": null,
        "meta": {
            "nf-test": "0.9.2",
            "nextflow": "24.10.6"
        },
        "timestamp": "2025-05-27T14:09:27.534233"
    },
    "Classify IsomiRs - Input file with raw counts": {
        "content": null,
        "meta": {
            "nf-test": "0.9.2",
            "nextflow": "24.10.6"
        },
        "timestamp": "2025-05-27T14:09:48.502793"
    },
    "Classify IsomiRs - Input file with raw counts and RPM": {
        "content": null,
        "meta": {
            "nf-test": "0.9.2",
            "nextflow": "24.10.6"
        },
        "timestamp": "2025-05-27T14:10:09.47804"
    }
}