{
    "Isomirs precursor classification - Only canonical miRNAs": {
        "content": [
            [
                [
                    {
                        "id": "file"
                    },
                    "file.canonical.tsv:md5,19cab9829e9800a2405b7e48acf8402a"
                ]
            ],
            [
                [
                    {
                        "id": "file"
                    },
                    "file.EMPTY_templated.tsv:md5,d41d8cd98f00b204e9800998ecf8427e"
                ]
            ],
            [
                [
                    {
                        "id": "file"
                    },
                    "file.EMPTY_non_templated.tsv:md5,d41d8cd98f00b204e9800998ecf8427e"
                ]
            ]
        ],
        "meta": {
            "nf-test": "0.9.2",
            "nextflow": "24.10.6"
        },
        "timestamp": "2025-05-27T14:10:17.037606"
    },
    "Isomirs precursor classification - All": {
        "content": [
            [
                [
                    {
                        "id": "file"
                    },
                    "file.canonical.tsv:md5,19cab9829e9800a2405b7e48acf8402a"
                ]
            ],
            [
                [
                    {
                        "id": "file"
                    },
                    "file.templated.tsv:md5,d86a350ebb49998ca6573aa9ce8d911b"
                ]
            ],
            [
                [
                    {
                        "id": "file"
                    },
                    "file.non_templated.tsv:md5,ab3a1b127880e69ea789d95cef7c9b30"
                ]
            ]
        ],
        "meta": {
            "nf-test": "0.9.2",
            "nextflow": "24.10.6"
        },
        "timestamp": "2025-05-27T14:10:13.34262"
    },
    "Isomirs precursor classification - Only non-canonical miRNAs (all)": {
        "content": [
            [
                [
                    {
                        "id": "file"
                    },
                    "file.EMPTY_canonical.tsv:md5,d41d8cd98f00b204e9800998ecf8427e"
                ]
            ],
            [
                [
                    {
                        "id": "file"
                    },
                    "file.templated.tsv:md5,d86a350ebb49998ca6573aa9ce8d911b"
                ]
            ],
            [
                [
                    {
                        "id": "file"
                    },
                    "file.non_templated.tsv:md5,ab3a1b127880e69ea789d95cef7c9b30"
                ]
            ]
        ],
        "meta": {
            "nf-test": "0.9.2",
            "nextflow": "24.10.6"
        },
        "timestamp": "2025-05-27T14:10:21.124503"
    },
    "Isomirs precursor classification - Only non-canonical miRNAs (templated)": {
        "content": [
            [
                [
                    {
                        "id": "file"
                    },
                    "file.EMPTY_canonical.tsv:md5,d41d8cd98f00b204e9800998ecf8427e"
                ]
            ],
            [
                [
                    {
                        "id": "file"
                    },
                    "file.templated.tsv:md5,d86a350ebb49998ca6573aa9ce8d911b"
                ]
            ],
            [
                [
                    {
                        "id": "file"
                    },
                    "file.EMPTY_non_templated.tsv:md5,d41d8cd98f00b204e9800998ecf8427e"
                ]
            ]
        ],
        "meta": {
            "nf-test": "0.9.2",
            "nextflow": "24.10.6"
        },
        "timestamp": "2025-05-27T14:10:24.598888"
    },
    "Isomirs precursor classification - Only non-canonical miRNAs (non-templated)": {
        "content": [
            [
                [
                    {
                        "id": "file"
                    },
                    "file.EMPTY_canonical.tsv:md5,d41d8cd98f00b204e9800998ecf8427e"
                ]
            ],
            [
                [
                    {
                        "id": "file"
                    },
                    "file.EMPTY_templated.tsv:md5,d41d8cd98f00b204e9800998ecf8427e"
                ]
            ],
            [
                [
                    {
                        "id": "file"
                    },
                    "file.non_templated.tsv:md5,ab3a1b127880e69ea789d95cef7c9b30"
                ]
            ]
        ],
        "meta": {
            "nf-test": "0.9.2",
            "nextflow": "24.10.6"
        },
        "timestamp": "2025-05-27T14:10:28.485536"
    }
}