{
    "TSV to FASTA - Input file with header": {
        "content": [
            [
                [
                    {
                        "id": "file"
                    },
                    "file.fa:md5,61b849357614bac3066a88f6111555eb"
                ]
            ]
        ],
        "meta": {
            "nf-test": "0.9.2",
            "nextflow": "24.10.6"
        },
        "timestamp": "2025-05-27T14:30:25.231133"
    },
    "TSV to FASTA - Input file without header": {
        "content": [
            [
                [
                    {
                        "id": "file"
                    },
                    "file.fa:md5,61b849357614bac3066a88f6111555eb"
                ]
            ]
        ],
        "meta": {
            "nf-test": "0.9.2",
            "nextflow": "24.10.6"
        },
        "timestamp": "2025-05-27T14:30:28.30342"
    }
}