{
    "DNA to RNA - .fq extension": {
        "content": [
            [
                [
                    {
                        "id": "file_dna"
                    },
                    "file_dna.rna.fq:md5,65eafe6b269f5527255dcf52e2e5421d"
                ]
            ]
        ],
        "meta": {
            "nf-test": "0.9.2",
            "nextflow": "24.10.6"
        },
        "timestamp": "2025-05-27T13:42:58.990531"
    },
    "RNA to DNA - .fq extension": {
        "content": [
            [
                [
                    {
                        "id": "file_rna"
                    },
                    "file_rna.dna.fq:md5,c8a1504d782fd0cac13f177baad2ed55"
                ]
            ]
        ],
        "meta": {
            "nf-test": "0.9.2",
            "nextflow": "24.10.6"
        },
        "timestamp": "2025-05-27T13:43:05.868423"
    },
    "RNA to DNA - .fasta extension": {
        "content": [
            [
                [
                    {
                        "id": "file_rna"
                    },
                    "file_rna.dna.fasta:md5,6f0df492beddb326771151a8e2f73c42"
                ]
            ]
        ],
        "meta": {
            "nf-test": "0.9.2",
            "nextflow": "24.10.6"
        },
        "timestamp": "2025-05-27T13:42:55.757027"
    },
    "DNA to RNA - .fastq extension": {
        "content": [
            [
                [
                    {
                        "id": "file_dna"
                    },
                    "file_dna.rna.fastq:md5,65eafe6b269f5527255dcf52e2e5421d"
                ]
            ]
        ],
        "meta": {
            "nf-test": "0.9.2",
            "nextflow": "24.10.6"
        },
        "timestamp": "2025-05-27T13:43:02.330306"
    },
    "RNA to DNA - .fa extension": {
        "content": [
            [
                [
                    {
                        "id": "file_rna"
                    },
                    "file_rna.dna.fa:md5,6f0df492beddb326771151a8e2f73c42"
                ]
            ]
        ],
        "meta": {
            "nf-test": "0.9.2",
            "nextflow": "24.10.6"
        },
        "timestamp": "2025-05-27T13:42:52.396552"
    },
    "DNA to RNA - .fasta extension": {
        "content": [
            [
                [
                    {
                        "id": "file_dna"
                    },
                    "file_dna.rna.fasta:md5,71bb933047abe3001261186a5933ca92"
                ]
            ]
        ],
        "meta": {
            "nf-test": "0.9.2",
            "nextflow": "24.10.6"
        },
        "timestamp": "2025-05-27T13:42:49.110062"
    },
    "DNA to RNA - .fa extension": {
        "content": [
            [
                [
                    {
                        "id": "file_dna"
                    },
                    "file_dna.rna.fa:md5,71bb933047abe3001261186a5933ca92"
                ]
            ]
        ],
        "meta": {
            "nf-test": "0.9.2",
            "nextflow": "24.10.6"
        },
        "timestamp": "2025-05-27T13:42:45.806436"
    },
    "RNA to DNA - .fastq extension": {
        "content": [
            [
                [
                    {
                        "id": "file_rna"
                    },
                    "file_rna.dna.fastq:md5,c8a1504d782fd0cac13f177baad2ed55"
                ]
            ]
        ],
        "meta": {
            "nf-test": "0.9.2",
            "nextflow": "24.10.6"
        },
        "timestamp": "2025-05-27T13:43:09.203906"
    }
}