{
    "RPM": {
        "content": [
            [
                [
                    {
                        "id": "SAMPLE1",
                        "species": "Arabidopsis thaliana",
                        "project": "TEST_1"
                    },
                    "SAMPLE1.rpm.tsv:md5,0794024e0ca92e34e80c1ba758cd602a"
                ]
            ]
        ],
        "meta": {
            "nf-test": "0.9.2",
            "nextflow": "24.10.6"
        },
        "timestamp": "2025-05-27T14:30:02.354698"
    }
}