{
    "Download Databases - PmiREN - Species not found": {
        "content": [
            [
                "species_ids.csv:md5,aecd4785fed89fc75d8097fb073d8f1f"
            ],
            [
                [
                    "EMPTY_mirbase_mature.fa:md5,d41d8cd98f00b204e9800998ecf8427e",
                    "EMPTY_mirbase_hairpin.fa:md5,d41d8cd98f00b204e9800998ecf8427e"
                ]
            ],
            [
                [
                    "EMPTY_srnaanno_mature.fa:md5,d41d8cd98f00b204e9800998ecf8427e",
                    "EMPTY_srnaanno_hairpin.fa:md5,d41d8cd98f00b204e9800998ecf8427e"
                ]
            ],
            [
                [
                    "pmiren_mature.fa:md5,9857832cc3c70822d200f3787d461f9c",
                    "pmiren_hairpin.fa:md5,e9e86143a8c626363bc30c15d02833a7"
                ]
            ]
        ],
        "meta": {
            "nf-test": "0.9.2",
            "nextflow": "24.10.6"
        },
        "timestamp": "2025-05-27T14:08:46.191002"
    },
    "Download Databases - miRBase - sRNAanno": {
        "content": [
            null,
            null,
            null,
            null,
            null,
            null
        ],
        "meta": {
            "nf-test": "0.9.2",
            "nextflow": "24.10.6"
        },
        "timestamp": "2025-05-27T13:48:59.571105"
    },
    "Download Databases - miRBase - PmiREN": {
        "content": [
            [
                "species_ids.csv:md5,28baf7c4a7a7aee55600aa382a46a11c"
            ],
            [
                [
                    "mirbase_mature.fa:md5,42541f4d5fb537e84caec9875b6a883d",
                    "mirbase_hairpin.fa:md5,f05339ca5e8a96dbee76cb7d9ada59e2"
                ]
            ],
            [
                [
                    "EMPTY_srnaanno_mature.fa:md5,d41d8cd98f00b204e9800998ecf8427e",
                    "EMPTY_srnaanno_hairpin.fa:md5,d41d8cd98f00b204e9800998ecf8427e"
                ]
            ],
            [
                [
                    "pmiren_mature.fa:md5,e612115c5a23f5331ef9ae778bb6c3cf",
                    "pmiren_hairpin.fa:md5,ce724ab6e378b2979daf724485146f87"
                ]
            ]
        ],
        "meta": {
            "nf-test": "0.9.2",
            "nextflow": "24.10.6"
        },
        "timestamp": "2025-05-27T13:54:12.566793"
    },
    "Download Databases - miRBase": {
        "content": [
            [
                "species_ids.csv:md5,18dee6698718a7a971c3d5f9bd9a9ddf"
            ],
            [
                [
                    "mirbase_mature.fa:md5,5dedea24c0be682b9ff23dbdca74336c",
                    "mirbase_hairpin.fa:md5,237c60246428b57bae8b2a45243463a0"
                ]
            ],
            [
                [
                    "EMPTY_srnaanno_mature.fa:md5,d41d8cd98f00b204e9800998ecf8427e",
                    "EMPTY_srnaanno_hairpin.fa:md5,d41d8cd98f00b204e9800998ecf8427e"
                ]
            ],
            [
                [
                    "EMPTY_pmiren_mature.fa:md5,d41d8cd98f00b204e9800998ecf8427e",
                    "EMPTY_pmiren_hairpin.fa:md5,d41d8cd98f00b204e9800998ecf8427e"
                ]
            ]
        ],
        "meta": {
            "nf-test": "0.9.2",
            "nextflow": "24.10.6"
        },
        "timestamp": "2025-05-27T13:59:16.916394"
    },
    "Download Databases - sRNAanno - Species not found": {
        "content": [
            [
                "species_ids.csv:md5,aecd4785fed89fc75d8097fb073d8f1f"
            ],
            [
                [
                    "EMPTY_mirbase_mature.fa:md5,d41d8cd98f00b204e9800998ecf8427e",
                    "EMPTY_mirbase_hairpin.fa:md5,d41d8cd98f00b204e9800998ecf8427e"
                ]
            ],
            [
                [
                    "srnaanno_mature.fa:md5,6948e43fb8f1e30f59d14477ba02af85",
                    "srnaanno_hairpin.fa:md5,7de3fb762ac4e78f47ec09ba4f10341a"
                ]
            ],
            [
                [
                    "EMPTY_pmiren_mature.fa:md5,d41d8cd98f00b204e9800998ecf8427e",
                    "EMPTY_pmiren_hairpin.fa:md5,d41d8cd98f00b204e9800998ecf8427e"
                ]
            ]
        ],
        "meta": {
            "nf-test": "0.9.2",
            "nextflow": "24.10.6"
        },
        "timestamp": "2025-05-27T14:04:09.270083"
    },
    "Download Databases - PmiREN": {
        "content": [
            [
                "species_ids.csv:md5,70a4cccf1130e87fa29c65045c48980c"
            ],
            [
                [
                    "EMPTY_mirbase_mature.fa:md5,d41d8cd98f00b204e9800998ecf8427e",
                    "EMPTY_mirbase_hairpin.fa:md5,d41d8cd98f00b204e9800998ecf8427e"
                ]
            ],
            [
                [
                    "EMPTY_srnaanno_mature.fa:md5,d41d8cd98f00b204e9800998ecf8427e",
                    "EMPTY_srnaanno_hairpin.fa:md5,d41d8cd98f00b204e9800998ecf8427e"
                ]
            ],
            [
                [
                    "pmiren_mature.fa:md5,9857832cc3c70822d200f3787d461f9c",
                    "pmiren_hairpin.fa:md5,e9e86143a8c626363bc30c15d02833a7"
                ]
            ]
        ],
        "meta": {
            "nf-test": "0.9.2",
            "nextflow": "24.10.6"
        },
        "timestamp": "2025-05-27T14:03:48.846122"
    },
    "Download Databases - all databases": {
        "content": [
            [
                "species_ids.csv:md5,22bc520cc5bd344fa0b393e266743e9d"
            ],
            [
                [
                    "mirbase_mature.fa:md5,42541f4d5fb537e84caec9875b6a883d",
                    "mirbase_hairpin.fa:md5,f05339ca5e8a96dbee76cb7d9ada59e2"
                ]
            ],
            [
                [
                    "srnaanno_mature.fa:md5,b0c427265e76e4fbd4a580b2835097f5",
                    "srnaanno_hairpin.fa:md5,fb85333857ded62401449067aca95184"
                ]
            ],
            [
                [
                    "pmiren_mature.fa:md5,e612115c5a23f5331ef9ae778bb6c3cf",
                    "pmiren_hairpin.fa:md5,ce724ab6e378b2979daf724485146f87"
                ]
            ]
        ],
        "meta": {
            "nf-test": "0.9.2",
            "nextflow": "24.10.6"
        },
        "timestamp": "2025-05-27T13:48:40.895925"
    },
    "Download Databases - miRBase - Species not found ": {
        "content": [
            [
                "species_ids.csv:md5,aecd4785fed89fc75d8097fb073d8f1f"
            ],
            [
                [
                    "mirbase_mature.fa:md5,5dedea24c0be682b9ff23dbdca74336c",
                    "mirbase_hairpin.fa:md5,237c60246428b57bae8b2a45243463a0"
                ]
            ],
            [
                [
                    "EMPTY_srnaanno_mature.fa:md5,d41d8cd98f00b204e9800998ecf8427e",
                    "EMPTY_srnaanno_hairpin.fa:md5,d41d8cd98f00b204e9800998ecf8427e"
                ]
            ],
            [
                [
                    "EMPTY_pmiren_mature.fa:md5,d41d8cd98f00b204e9800998ecf8427e",
                    "EMPTY_pmiren_hairpin.fa:md5,d41d8cd98f00b204e9800998ecf8427e"
                ]
            ]
        ],
        "meta": {
            "nf-test": "0.9.2",
            "nextflow": "24.10.6"
        },
        "timestamp": "2025-05-27T14:03:55.107154"
    },
    "Download Databases - sRNAanno - PmiREN": {
        "content": [
            [
                "species_ids.csv:md5,dbcc990f1a55cbde4c9ff6e7707b045d"
            ],
            [
                [
                    "EMPTY_mirbase_mature.fa:md5,d41d8cd98f00b204e9800998ecf8427e",
                    "EMPTY_mirbase_hairpin.fa:md5,d41d8cd98f00b204e9800998ecf8427e"
                ]
            ],
            [
                [
                    "srnaanno_mature.fa:md5,cb91a32befa1a69684a35e2d33a00af0",
                    "srnaanno_hairpin.fa:md5,36cc733cfb3424fc43dcefb084fc5a33"
                ]
            ],
            [
                [
                    "pmiren_mature.fa:md5,78a67622b15fb7ff4a8b91d37b226128",
                    "pmiren_hairpin.fa:md5,7ec0927e28099af5bac515c6ec2f2a06"
                ]
            ]
        ],
        "meta": {
            "nf-test": "0.9.2",
            "nextflow": "24.10.6"
        },
        "timestamp": "2025-05-27T13:59:07.801851"
    },
    "Download Databases - sRNAanno": {
        "content": [
            [
                "species_ids.csv:md5,508e488fcd92da919a181b111f1d5d6c"
            ],
            [
                [
                    "EMPTY_mirbase_mature.fa:md5,d41d8cd98f00b204e9800998ecf8427e",
                    "EMPTY_mirbase_hairpin.fa:md5,d41d8cd98f00b204e9800998ecf8427e"
                ]
            ],
            [
                [
                    "srnaanno_mature.fa:md5,6948e43fb8f1e30f59d14477ba02af85",
                    "srnaanno_hairpin.fa:md5,7de3fb762ac4e78f47ec09ba4f10341a"
                ]
            ],
            [
                [
                    "EMPTY_pmiren_mature.fa:md5,d41d8cd98f00b204e9800998ecf8427e",
                    "EMPTY_pmiren_hairpin.fa:md5,d41d8cd98f00b204e9800998ecf8427e"
                ]
            ]
        ],
        "meta": {
            "nf-test": "0.9.2",
            "nextflow": "24.10.6"
        },
        "timestamp": "2025-05-27T13:59:27.494809"
    }
}