{
    "Libraries validation - Not-valid - Depth": {
        "content": [
            [
                [
                    {
                        "id": "SAMPLE1",
                        "metadata": "test_metadata.tsv:md5,6d170ca33413ff2ccc16a14e23ee25f9",
                        "depth": "16022716",
                        "depth_validity": "not-valid",
                        "replicates_validity": "not-valid",
                        "valid_groups": [
                            
                        ],
                        "notvalid_groups": [
                            "1"
                        ]
                    },
                    "SAMPLE1.notvalid.fastq.gz:md5,4345f6c4941a2d9291b2565e36142b1d"
                ],
                [
                    {
                        "id": "SAMPLE2",
                        "metadata": "test_metadata.tsv:md5,6d170ca33413ff2ccc16a14e23ee25f9",
                        "depth": "17600922",
                        "depth_validity": "not-valid",
                        "replicates_validity": "not-valid",
                        "valid_groups": [
                            
                        ],
                        "notvalid_groups": [
                            "1"
                        ]
                    },
                    "SAMPLE2.notvalid.fastq.gz:md5,58a4d0a65bc2c7a51577f0d3fadaf024"
                ],
                [
                    {
                        "id": "SAMPLE3",
                        "metadata": "test_metadata.tsv:md5,6d170ca33413ff2ccc16a14e23ee25f9",
                        "depth": "15849560",
                        "depth_validity": "not-valid",
                        "replicates_validity": "not-valid",
                        "valid_groups": [
                            
                        ],
                        "notvalid_groups": [
                            "1"
                        ]
                    },
                    "SAMPLE3.notvalid.fastq.gz:md5,c7143e30b71b177bd0270bfd279d7e3a"
                ],
                [
                    {
                        "id": "SAMPLE4",
                        "metadata": "test_metadata.tsv:md5,6d170ca33413ff2ccc16a14e23ee25f9",
                        "depth": "14794553",
                        "depth_validity": "not-valid",
                        "replicates_validity": "not-valid",
                        "valid_groups": [
                            
                        ],
                        "notvalid_groups": [
                            "1"
                        ]
                    },
                    "SAMPLE4.notvalid.fastq.gz:md5,2ed91011385287cf14673a832f597068"
                ],
                [
                    {
                        "id": "SAMPLE5",
                        "metadata": "test_metadata.tsv:md5,6d170ca33413ff2ccc16a14e23ee25f9",
                        "depth": "16977623",
                        "depth_validity": "not-valid",
                        "replicates_validity": "not-valid",
                        "valid_groups": [
                            
                        ],
                        "notvalid_groups": [
                            "1"
                        ]
                    },
                    "SAMPLE5.notvalid.fastq.gz:md5,0e7c3d9dcc1b0d92decbdb8234fb38da"
                ],
                [
                    {
                        "id": "SAMPLE6",
                        "metadata": "test_metadata.tsv:md5,6d170ca33413ff2ccc16a14e23ee25f9",
                        "depth": "18485787",
                        "depth_validity": "not-valid",
                        "replicates_validity": "not-valid",
                        "valid_groups": [
                            
                        ],
                        "notvalid_groups": [
                            "1"
                        ]
                    },
                    "SAMPLE6.notvalid.fastq.gz:md5,ea12df280a4d46352dcf18aa1c7a05ce"
                ]
            ]
        ],
        "meta": {
            "nf-test": "0.9.2",
            "nextflow": "24.10.4"
        },
        "timestamp": "2025-02-11T16:33:45.698648"
    },
    "Libraries validation - Not-valid - Replicates": {
        "content": [
            [
                [
                    {
                        "id": "SAMPLE1",
                        "metadata": "test_metadata.tsv:md5,6d170ca33413ff2ccc16a14e23ee25f9",
                        "depth": "16022716",
                        "depth_validity": "valid",
                        "replicates_validity": "not-valid",
                        "valid_groups": [
                            
                        ],
                        "notvalid_groups": [
                            "1"
                        ]
                    },
                    "SAMPLE1.notvalid.fastq.gz:md5,4345f6c4941a2d9291b2565e36142b1d"
                ],
                [
                    {
                        "id": "SAMPLE2",
                        "metadata": "test_metadata.tsv:md5,6d170ca33413ff2ccc16a14e23ee25f9",
                        "depth": "17600922",
                        "depth_validity": "valid",
                        "replicates_validity": "not-valid",
                        "valid_groups": [
                            
                        ],
                        "notvalid_groups": [
                            "1"
                        ]
                    },
                    "SAMPLE2.notvalid.fastq.gz:md5,58a4d0a65bc2c7a51577f0d3fadaf024"
                ],
                [
                    {
                        "id": "SAMPLE3",
                        "metadata": "test_metadata.tsv:md5,6d170ca33413ff2ccc16a14e23ee25f9",
                        "depth": "15849560",
                        "depth_validity": "valid",
                        "replicates_validity": "not-valid",
                        "valid_groups": [
                            
                        ],
                        "notvalid_groups": [
                            "1"
                        ]
                    },
                    "SAMPLE3.notvalid.fastq.gz:md5,c7143e30b71b177bd0270bfd279d7e3a"
                ],
                [
                    {
                        "id": "SAMPLE4",
                        "metadata": "test_metadata.tsv:md5,6d170ca33413ff2ccc16a14e23ee25f9",
                        "depth": "14794553",
                        "depth_validity": "valid",
                        "replicates_validity": "not-valid",
                        "valid_groups": [
                            
                        ],
                        "notvalid_groups": [
                            "1"
                        ]
                    },
                    "SAMPLE4.notvalid.fastq.gz:md5,2ed91011385287cf14673a832f597068"
                ]
            ]
        ],
        "meta": {
            "nf-test": "0.9.2",
            "nextflow": "24.10.4"
        },
        "timestamp": "2025-02-11T16:37:11.381725"
    }
}